[0110/233454.229:INFO:CONSOLE:0] "Error with Permissions-Policy header: Unrecognized feature: 'ambient-light-sensor'.", source:  (0)
[0110/233454.230:INFO:CONSOLE:0] "Error with Permissions-Policy header: Unrecognized feature: 'battery'.", source:  (0)
[0110/233454.230:INFO:CONSOLE:0] "Error with Permissions-Policy header: Unrecognized feature: 'document-domain'.", source:  (0)
[0110/233454.230:INFO:CONSOLE:0] "Error with Permissions-Policy header: Unrecognized feature: 'execution-while-not-rendered'.", source:  (0)
[0110/233454.230:INFO:CONSOLE:0] "Error with Permissions-Policy header: Unrecognized feature: 'execution-while-out-of-viewport'.", source:  (0)
[0110/233454.232:INFO:CONSOLE:0] "Error with Permissions-Policy header: Unrecognized feature: 'navigation-override'.", source:  (0)
[0110/233454.232:INFO:CONSOLE:0] "Error with Permissions-Policy header: Unrecognized feature: 'web-share'.", source:  (0)
[0110/233454.232:INFO:CONSOLE:0] "Error with Permissions-Policy header: Unrecognized feature: 'speaker-selection'.", source:  (0)
[0110/233454.232:INFO:CONSOLE:0] "Error with Permissions-Policy header: Unrecognized feature: 'conversion-measurement'.", source:  (0)
[0110/233454.232:INFO:CONSOLE:0] "Error with Permissions-Policy header: Unrecognized feature: 'focus-without-user-activation'.", source:  (0)
[0110/233454.232:INFO:CONSOLE:0] "Error with Permissions-Policy header: Unrecognized feature: 'sync-script'.", source:  (0)
[0110/233454.233:INFO:CONSOLE:0] "Error with Permissions-Policy header: Unrecognized feature: 'trust-token-redemption'.", source:  (0)
[0110/233454.233:INFO:CONSOLE:0] "Error with Permissions-Policy header: Unrecognized feature: 'window-placement'.", source:  (0)
[0110/233454.233:INFO:CONSOLE:0] "Error with Permissions-Policy header: Unrecognized feature: 'vertical-scroll'.", source:  (0)
[0110/233457.075:INFO:CONSOLE:16] "%c TL;DV %cLOG (FEATURE-FLAGS) background-color: #C1C1FF; color: #1D1DFF; padding: 4px 7px; font-weight: bold; border-top-left-radius: 6px; border-bottom-left-radius: 6px; background-color: #C1C1FF; color: #1D1DFF; padding: 4px 7px; font-weight: bold; background-color: #CA9BEF; color: #953BAB; border-top-right-radius: 6px; border-bottom-right-radius: 6px; Feature flags loaded", source: https://tldv.io/app/assets/sentry-vendor-oGkImsxb.js (16)
[0110/233457.737:INFO:CONSOLE:0] "Access to fetch at 'https://gaia.tldv.io/v1/common-room/is-enabled' from origin 'https://tldv.io' has been blocked by CORS policy: Response to preflight request doesn't pass access control check: No 'Access-Control-Allow-Origin' header is present on the requested resource.", source: https://tldv.io/app/meetings/6962ac7c3251f90013b213ab?video=true (0)
[0110/233458.637:INFO:CONSOLE:16] "%c TL;DV %cSUCCESS (PARAGON) background-color: #C1C1FF; color: #1D1DFF; padding: 4px 7px; font-weight: bold; border-top-left-radius: 6px; border-bottom-left-radius: 6px; background-color: #C1C1FF; color: #1D1DFF; padding: 4px 7px; font-weight: bold; background-color: #90E3D3; color: #03815E; border-top-right-radius: 6px; border-bottom-right-radius: 6px; user initialized", source: https://tldv.io/app/assets/sentry-vendor-oGkImsxb.js (16)
[0110/233459.266:INFO:CONSOLE:16] "%c TL;DV %cERROR (CLIPBOARD) background-color: #C1C1FF; color: #1D1DFF; padding: 4px 7px; font-weight: bold; border-top-left-radius: 6px; border-bottom-left-radius: 6px; background-color: #C1C1FF; color: #1D1DFF; padding: 4px 7px; font-weight: bold; background-color: #F17491; color: #B5032C; border-top-right-radius: 6px; border-bottom-right-radius: 6px; Invalid notes view", source: https://tldv.io/app/assets/sentry-vendor-oGkImsxb.js (16)
[0110/233459.662:INFO:CONSOLE:16] "%c TL;DV %cSUCCESS (SINGLEVIDEOPAGEID) background-color: #C1C1FF; color: #1D1DFF; padding: 4px 7px; font-weight: bold; border-top-left-radius: 6px; border-bottom-left-radius: 6px; background-color: #C1C1FF; color: #1D1DFF; padding: 4px 7px; font-weight: bold; background-color: #90E3D3; color: #03815E; border-top-right-radius: 6px; border-bottom-right-radius: 6px; render successfully!", source: https://tldv.io/app/assets/sentry-vendor-oGkImsxb.js (16)
[0110/233500.973:INFO:CONSOLE:40] "Uncaught ReferenceError: e is not defined", source: blob:https://tldv.io/543e94c6-8445-4d82-bdfb-56fe1f3556bf (40)
